
> videobuddy@0.1.0 build
> next build

▲ Next.js 16.3.8 (Turbopack)
✓ Compiled workflows in 141ms (19 steps, 1 workflow)
✓ Running next.config.ts took 309ms

  Creating an optimized production build ...
✓ Compiled successfully in 1504ms
  Running next.config.js provided runAfterProductionCompile ...
✓ Completed runAfterProductionCompile in 1.4ms
  Running TypeScript ...
  Finished TypeScript in 1643ms ...
  Collecting page data using 9 workers ...
  Generating static pages using 9 workers (0/10) ...
  Generating static pages using 9 workers (2/10) 
  Generating static pages using 9 workers (4/10) 
  Generating static pages using 9 workers (7/10) 
✓ Generating static pages using 9 workers (10/10) in 97ms
  Finalizing page optimization ...

Route (app)
┌ ○ /
├ ○ /_not-found
├ ƒ /.well-known/workflow/v1/flow
├ ƒ /.well-known/workflow/v1/webhook/[token]
├ ƒ /api/video/projects
├ ƒ /api/video/projects/[projectId]
├ ƒ /api/video/projects/[projectId]/artifacts/[artifactId]/access
├ ƒ /api/video/projects/[projectId]/messages
├ ƒ /api/video/projects/[projectId]/operations/[operationId]
├ ƒ /api/video/projects/[projectId]/operations/[operationId]/cancel
├ ƒ /api/video/projects/[projectId]/operations/[operationId]/events
├ ƒ /api/video/projects/[projectId]/recover
├ ƒ /api/video/projects/lookup
├ ƒ /api/video/session
├ ƒ /api/video/styles
├ ○ /video
├ ƒ /video/[projectId]
└ ○ /video/styles


○  (Static)   prerendered as static content
ƒ  (Dynamic)  server-rendered on demand

