
> videobuddy@0.1.0 test
> vitest run --run tests/video/commands.test.ts


 RUN  v5.0.3 /Users/janily/Desktop/dev/videoBuddy

 ❯ tests/video/commands.test.ts (9 tests | 1 failed) 56ms
   × cancellation before canonical claim finalizes without holding the chat lane 4ms

⎯⎯⎯⎯⎯⎯⎯ Failed Tests 1 ⎯⎯⎯⎯⎯⎯⎯

 FAIL  tests/video/commands.test.ts > cancellation before canonical claim finalizes without holding the chat lane
AssertionError: expected 'cancelling' to be 'cancelled' // Object.is equality

Expected: "cancelled"
Received: "cancelling"

 ❯ tests/video/commands.test.ts:67:44
     65|  const {cancelReply}=await import('@/services/video/commands/cancel');…
     66|  await store.create('projects/p/control',{controlVersion:1,activeConve…
     67|  expect(await cancelReply(store,'p','op')).toBe('cancelled');
       |                                            ^
     68|  expect((await store.readFresh<{activeConversation:null}>('projects/p/…
     69|  expect((await claimOperation(store,'projects/p/operations/op','late-r…

⎯⎯⎯⎯⎯⎯⎯⎯⎯⎯⎯⎯⎯⎯⎯⎯⎯⎯⎯⎯⎯⎯⎯⎯[1/1]⎯


 Test Files  1 failed (1)
      Tests  1 failed | 8 passed (9)
   Start at  16:27:27
   Duration  134ms (tests 63%, transform 26%, import 9%, worker 2%)

